[:parse-string-all-count 5]
[:parse-string-all-tags [:list :newline :comment :list :newline]]
[:parse-string-all-string "(ns foo.bar\n  (:require [clojure.string :as str]))\n\n;; a leading comment\n(defn ^:private ^String f\n  \"docstring\"\n  [^long a b]\n  #_(ignored form)\n  #\"[a-z]+\"\n  #:foo{:a 1 :bar/b 2}\n  #?(:clj (+ a b) :cljs (- a b))\n  {:a 1 :b [1 2 3] :c #{1 2}})\n"]
[:parse-string-all-sexprs [(ns foo.bar (:require [clojure.string :as str])) :unsexprable :unsexprable (defn f "docstring" [a b] (re-pattern "[a-z]+") {:foo/a 1, :bar/b 2} (read-string "#?(:clj (+ a b) :cljs (- a b))") {:a 1, :b [1 2 3], :c #{1 2}}) :unsexprable]]
[:of-string-tag :list]
[:find-value-defn defn]
[:find-value-defn-position [5 2]]
[:fn-name-sexpr f]
[:fn-name-position-span [[5 7] [5 26]]]
[:find-tag-map-sexpr {:foo/a 1, :bar/b 2}]
[:find-tag-map-string "{:a 1 :bar/b 2}"]
[:down-up-same? (ns foo.bar (:require [clojure.string :as str])) (ns foo.bar (:require [clojure.string :as str]))]
[:leftmost-tag :token]
[:walk-count 59]
[:walk-tags [:list :token :token :list :token :vector :token :token :token :list :token :meta :token :meta :token :token :token :vector :meta :token :token :token :uneval :list :token :token :regex :namespaced-map :map-qualifier :map :token :token :token :token :reader-macro :token :list :token :list :token :token :token :token :list :token :token :token :map :token :token :token :vector :token :token :token :token :set :token :token]]
[:edited-string "2"]
[:edited-root-string "[99 2 100 3]"]
[:removed-root-string "[1 3]"]
[:token-node "42"]
[:keyword-node ":foo/bar"]
[:string-node "\"hi\nthere\""]
[:vector-node "[1 2]"]
[:map-node "{:a 1}"]
[:list-node "(quote x)"]
[:comment-node ";; a comment\n"]
[:meta-node "^:private x"]
[:coerce-symbol "foo.bar/baz"]
[:coerce-vector "[1 2 3]"]
[:coerce-map "{:a 1}"]
[:coerce-keyword ":a/b"]
[:redn-parse-string "{:a 1\n ;; a comment\n :b {:c 2}}\n"]
[:redn-assoc-in "{:a 1\n ;; a comment\n :b {:c 99}}\n"]
[:redn-update "{:a 2\n ;; a comment\n :b {:c 99}}\n"]
[:redn-assoc "{:a 2\n ;; a comment\n :b {:c 99}\n :new-key [1 2 3]}\n"]
[:redn-sexpr {:a 2, :b {:c 99}}]
